Archive member included to satisfy reference by file (symbol)

a:/ide/stm32cubeide/plugins/com.st.stm32cube.ide.mcu.externaltools.gnu-tools-for-stm32.7-2018-q2-update.win32_1.4.0.202007081208/tools/bin/../lib/gcc/arm-none-eabi/7.3.1/../../../../arm-none-eabi/lib/thumb/v7-m\libc_nano.a(lib_a-errno.o)
                              Src/syscalls.o (__errno)
a:/ide/stm32cubeide/plugins/com.st.stm32cube.ide.mcu.externaltools.gnu-tools-for-stm32.7-2018-q2-update.win32_1.4.0.202007081208/tools/bin/../lib/gcc/arm-none-eabi/7.3.1/../../../../arm-none-eabi/lib/thumb/v7-m\libc_nano.a(lib_a-exit.o)
                              a:/ide/stm32cubeide/plugins/com.st.stm32cube.ide.mcu.externaltools.gnu-tools-for-stm32.7-2018-q2-update.win32_1.4.0.202007081208/tools/bin/../lib/gcc/arm-none-eabi/7.3.1/../../../../arm-none-eabi/lib/thumb/v7-m/crt0.o (exit)
a:/ide/stm32cubeide/plugins/com.st.stm32cube.ide.mcu.externaltools.gnu-tools-for-stm32.7-2018-q2-update.win32_1.4.0.202007081208/tools/bin/../lib/gcc/arm-none-eabi/7.3.1/../../../../arm-none-eabi/lib/thumb/v7-m\libc_nano.a(lib_a-impure.o)
                              a:/ide/stm32cubeide/plugins/com.st.stm32cube.ide.mcu.externaltools.gnu-tools-for-stm32.7-2018-q2-update.win32_1.4.0.202007081208/tools/bin/../lib/gcc/arm-none-eabi/7.3.1/../../../../arm-none-eabi/lib/thumb/v7-m\libc_nano.a(lib_a-exit.o) (_global_impure_ptr)
a:/ide/stm32cubeide/plugins/com.st.stm32cube.ide.mcu.externaltools.gnu-tools-for-stm32.7-2018-q2-update.win32_1.4.0.202007081208/tools/bin/../lib/gcc/arm-none-eabi/7.3.1/../../../../arm-none-eabi/lib/thumb/v7-m\libc_nano.a(lib_a-init.o)
                              a:/ide/stm32cubeide/plugins/com.st.stm32cube.ide.mcu.externaltools.gnu-tools-for-stm32.7-2018-q2-update.win32_1.4.0.202007081208/tools/bin/../lib/gcc/arm-none-eabi/7.3.1/../../../../arm-none-eabi/lib/thumb/v7-m/crt0.o (__libc_init_array)
a:/ide/stm32cubeide/plugins/com.st.stm32cube.ide.mcu.externaltools.gnu-tools-for-stm32.7-2018-q2-update.win32_1.4.0.202007081208/tools/bin/../lib/gcc/arm-none-eabi/7.3.1/../../../../arm-none-eabi/lib/thumb/v7-m\libc_nano.a(lib_a-memset.o)
                              a:/ide/stm32cubeide/plugins/com.st.stm32cube.ide.mcu.externaltools.gnu-tools-for-stm32.7-2018-q2-update.win32_1.4.0.202007081208/tools/bin/../lib/gcc/arm-none-eabi/7.3.1/../../../../arm-none-eabi/lib/thumb/v7-m/crt0.o (memset)

Allocating common symbols
Common symbol       size              file

ReadDoorSensor_Pport_SR_DoorState_DoorState
                    0x1               Autosar_Implementation/RTE_Gen/Rte_DoorLockAlgoSW.o
G_SPI_CFG           0x8               MCAL/Stm32f103c6_SPI_Driver.o
DoorLockAlgo_Rport_SR_DoorState_DoorState
                    0x1               Autosar_Implementation/RTE_Gen/Rte_DoorLockAlgoSW.o
GP_IRQ_CallBack     0x3c              MCAL/Stm32f103c6_EXTI_Driver.o

Discarded input sections

 .text          0x0000000000000000        0x0 a:/ide/stm32cubeide/plugins/com.st.stm32cube.ide.mcu.externaltools.gnu-tools-for-stm32.7-2018-q2-update.win32_1.4.0.202007081208/tools/bin/../lib/gcc/arm-none-eabi/7.3.1/thumb/v7-m/crti.o
 .data          0x0000000000000000        0x0 a:/ide/stm32cubeide/plugins/com.st.stm32cube.ide.mcu.externaltools.gnu-tools-for-stm32.7-2018-q2-update.win32_1.4.0.202007081208/tools/bin/../lib/gcc/arm-none-eabi/7.3.1/thumb/v7-m/crti.o
 .bss           0x0000000000000000        0x0 a:/ide/stm32cubeide/plugins/com.st.stm32cube.ide.mcu.externaltools.gnu-tools-for-stm32.7-2018-q2-update.win32_1.4.0.202007081208/tools/bin/../lib/gcc/arm-none-eabi/7.3.1/thumb/v7-m/crti.o
 .data          0x0000000000000000        0x4 a:/ide/stm32cubeide/plugins/com.st.stm32cube.ide.mcu.externaltools.gnu-tools-for-stm32.7-2018-q2-update.win32_1.4.0.202007081208/tools/bin/../lib/gcc/arm-none-eabi/7.3.1/thumb/v7-m/crtbegin.o
 .text          0x0000000000000000       0x74 a:/ide/stm32cubeide/plugins/com.st.stm32cube.ide.mcu.externaltools.gnu-tools-for-stm32.7-2018-q2-update.win32_1.4.0.202007081208/tools/bin/../lib/gcc/arm-none-eabi/7.3.1/../../../../arm-none-eabi/lib/thumb/v7-m/crt0.o
 .data          0x0000000000000000        0x0 a:/ide/stm32cubeide/plugins/com.st.stm32cube.ide.mcu.externaltools.gnu-tools-for-stm32.7-2018-q2-update.win32_1.4.0.202007081208/tools/bin/../lib/gcc/arm-none-eabi/7.3.1/../../../../arm-none-eabi/lib/thumb/v7-m/crt0.o
 .bss           0x0000000000000000        0x0 a:/ide/stm32cubeide/plugins/com.st.stm32cube.ide.mcu.externaltools.gnu-tools-for-stm32.7-2018-q2-update.win32_1.4.0.202007081208/tools/bin/../lib/gcc/arm-none-eabi/7.3.1/../../../../arm-none-eabi/lib/thumb/v7-m/crt0.o
 .ARM.extab     0x0000000000000000        0x0 a:/ide/stm32cubeide/plugins/com.st.stm32cube.ide.mcu.externaltools.gnu-tools-for-stm32.7-2018-q2-update.win32_1.4.0.202007081208/tools/bin/../lib/gcc/arm-none-eabi/7.3.1/../../../../arm-none-eabi/lib/thumb/v7-m/crt0.o
[...]
Memory Configuration

Name             Origin             Length             Attributes
RAM              0x0000000020000000 0x0000000000002800 xrw
ROM              0x0000000008000000 0x0000000000008000 xr
*default*        0x0000000000000000 0xffffffffffffffff

Linker script and memory map

LOAD a:/ide/stm32cubeide/plugins/com.st.stm32cube.ide.mcu.externaltools.gnu-tools-for-stm32.7-2018-q2-update.win32_1.4.0.202007081208/tools/bin/../lib/gcc/arm-none-eabi/7.3.1/thumb/v7-m/crti.o
LOAD a:/ide/stm32cubeide/plugins/com.st.stm32cube.ide.mcu.externaltools.gnu-tools-for-stm32.7-2018-q2-update.win32_1.4.0.202007081208/tools/bin/../lib/gcc/arm-none-eabi/7.3.1/thumb/v7-m/crtbegin.o
LOAD a:/ide/stm32cubeide/plugins/com.st.stm32cube.ide.mcu.externaltools.gnu-tools-for-stm32.7-2018-q2-update.win32_1.4.0.202007081208/tools/bin/../lib/gcc/arm-none-eabi/7.3.1/../../../../arm-none-eabi/lib/thumb/v7-m/crt0.o
LOAD Autosar_Implementation/DoorLockAlgoSW.o
LOAD Autosar_Implementation/DoorSensorAbstractionSWC.o
LOAD Autosar_Implementation/RTE_Gen/Rte_DoorLockAlgoSW.o
LOAD Autosar_Implementation/RTE_Gen/Rte_DoorSensorAbstractionSWC.o
LOAD HAL/EEPROM_Slave.o
LOAD MCAL/DIO.o
LOAD MCAL/Stm32f103c6_EXTI_Driver.o
LOAD MCAL/Stm32f103c6_GPIO_Driver.o
LOAD MCAL/Stm32f103c6_I2C_Driver.o
LOAD MCAL/Stm32f103c6_RCC_Driver.o
LOAD MCAL/Stm32f103c6_SPI_Driver.o
LOAD MCAL/Stm32f103c6_Uart_Driver.o
LOAD Src/main.o
LOAD Src/syscalls.o
LOAD Src/sysmem.o
LOAD Startup/startup_stm32f103c6tx.o
START GROUP
LOAD a:/ide/stm32cubeide/plugins/com.st.stm32cube.ide.mcu.externaltools.gnu-tools-for-stm32.7-2018-q2-update.win32_1.4.0.202007081208/tools/bin/../lib/gcc/arm-none-eabi/7.3.1/../../../../arm-none-eabi/lib/thumb/v7-m\libc_nano.a
LOAD a:/ide/stm32cubeide/plugins/com.st.stm32cube.ide.mcu.externaltools.gnu-tools-for-stm32.7-2018-q2-update.win32_1.4.0.202007081208/tools/bin/../lib/gcc/arm-none-eabi/7.3.1/../../../../arm-none-eabi/lib/thumb/v7-m\libm.a
END GROUP
START GROUP
LOAD a:/ide/stm32cubeide/plugins/com.st.stm32cube.ide.mcu.externaltools.gnu-tools-for-stm32.7-2018-q2-update.win32_1.4.0.202007081208/tools/bin/../lib/gcc/arm-none-eabi/7.3.1/thumb/v7-m\libgcc.a
LOAD a:/ide/stm32cubeide/plugins/com.st.stm32cube.ide.mcu.externaltools.gnu-tools-for-stm32.7-2018-q2-update.win32_1.4.0.202007081208/tools/bin/../lib/gcc/arm-none-eabi/7.3.1/../../../../arm-none-eabi/lib/thumb/v7-m\libc_nano.a
END GROUP
START GROUP
LOAD a:/ide/stm32cubeide/plugins/com.st.stm32cube.ide.mcu.externaltools.gnu-tools-for-stm32.7-2018-q2-update.win32_1.4.0.202007081208/tools/bin/../lib/gcc/arm-none-eabi/7.3.1/thumb/v7-m\libgcc.a
LOAD a:/ide/stm32cubeide/plugins/com.st.stm32cube.ide.mcu.externaltools.gnu-tools-for-stm32.7-2018-q2-update.win32_1.4.0.202007081208/tools/bin/../lib/gcc/arm-none-eabi/7.3.1/../../../../arm-none-eabi/lib/thumb/v7-m\libc_nano.a
LOAD a:/ide/stm32cubeide/plugins/com.st.stm32cube.ide.mcu.externaltools.gnu-tools-for-stm32.7-2018-q2-update.win32_1.4.0.202007081208/tools/bin/../lib/gcc/arm-none-eabi/7.3.1/../../../../arm-none-eabi/lib/thumb/v7-m\libnosys.a
END GROUP
START GROUP
LOAD a:/ide/stm32cubeide/plugins/com.st.stm32cube.ide.mcu.externaltools.gnu-tools-for-stm32.7-2018-q2-update.win32_1.4.0.202007081208/tools/bin/../lib/gcc/arm-none-eabi/7.3.1/thumb/v7-m\libgcc.a
LOAD a:/ide/stm32cubeide/plugins/com.st.stm32cube.ide.mcu.externaltools.gnu-tools-for-stm32.7-2018-q2-update.win32_1.4.0.202007081208/tools/bin/../lib/gcc/arm-none-eabi/7.3.1/../../../../arm-none-eabi/lib/thumb/v7-m\libc_nano.a
LOAD a:/ide/stm32cubeide/plugins/com.st.stm32cube.ide.mcu.externaltools.gnu-tools-for-stm32.7-2018-q2-update.win32_1.4.0.202007081208/tools/bin/../lib/gcc/arm-none-eabi/7.3.1/../../../../arm-none-eabi/lib/thumb/v7-m\libnosys.a
END GROUP
LOAD a:/ide/stm32cubeide/plugins/com.st.stm32cube.ide.mcu.externaltools.gnu-tools-for-stm32.7-2018-q2-update.win32_1.4.0.202007081208/tools/bin/../lib/gcc/arm-none-eabi/7.3.1/thumb/v7-m/crtend.o
LOAD a:/ide/stm32cubeide/plugins/com.st.stm32cube.ide.mcu.externaltools.gnu-tools-for-stm32.7-2018-q2-update.win32_1.4.0.202007081208/tools/bin/../lib/gcc/arm-none-eabi/7.3.1/thumb/v7-m/crtn.o
                0x0000000020002800                _estack = (ORIGIN (RAM) + LENGTH (RAM))
                0x0000000000000200                _Min_Heap_Size = 0x200
                0x0000000000000400                _Min_Stack_Size = 0x400

.isr_vector     0x0000000008000000      0x130
                0x0000000008000000                . = ALIGN (0x4)
 *(.isr_vector)
 .isr_vector    0x0000000008000000      0x130 Startup/startup_stm32f103c6tx.o
                0x0000000008000000                g_pfnVectors
                0x0000000008000130                . = ALIGN (0x4)

.text           0x0000000008000130      0x7d8
                0x0000000008000130                . = ALIGN (0x4)
 *(.text)
 .text          0x0000000008000130       0x40 a:/ide/stm32cubeide/plugins/com.st.stm32cube.ide.mcu.externaltools.gnu-tools-for-stm32.7-2018-q2-update.win32_1.4.0.202007081208/tools/bin/../lib/gcc/arm-none-eabi/7.3.1/thumb/v7-m/crtbegin.o
 *(.text*)
 .text.DoorLockAlgo_Runnable
                0x0000000008000170       0x2e Autosar_Implementation/DoorLockAlgoSW.o
                0x0000000008000170                DoorLockAlgo_Runnable
 .text.LedSwitch_Runnable
                0x000000000800019e       0x38 Autosar_Implementation/DoorSensorAbstractionSWC.o
                0x000000000800019e                LedSwitch_Runnable
 .text.ReadDoorSensor_Runnable
                0x00000000080001d6       0x24 Autosar_Implementation/DoorSensorAbstractionSWC.o
                0x00000000080001d6                ReadDoorSensor_Runnable
 *fill*         0x00000000080001fa        0x2 
 .text.Rte_IRead_DoorLockAlgoSW_DoorLockAlgo_Rport_SR_DoorState_DoorState
                0x00000000080001fc       0x18 Autosar_Implementation/RTE_Gen/Rte_DoorLockAlgoSW.o
                0x00000000080001fc                Rte_IRead_DoorLockAlgoSW_DoorLockAlgo_Rport_SR_DoorState_DoorState
 .text.Rte_Call_DoorLockAlgoSW_Rport_CS_LedSwitch_LED_Switch
                0x0000000008000214       0x40 Autosar_Implementation/RTE_Gen/Rte_DoorLockAlgoSW.o
                0x0000000008000214                Rte_Call_DoorLockAlgoSW_Rport_CS_LedSwitch_LED_Switch
 .text.Rte_IWrite_DoorSensorAbstractionSWC_ReadDoorSensor_Pport_SR_DoorState_DoorState
                0x0000000008000254       0x20 Autosar_Implementation/RTE_Gen/Rte_DoorSensorAbstractionSWC.o
                0x0000000008000254                Rte_IWrite_DoorSensorAbstractionSWC_ReadDoorSensor_Pport_SR_DoorState_DoorState
 .text.Dio_ReadChannel
                0x0000000008000274       0x24 MCAL/DIO.o
                0x0000000008000274                Dio_ReadChannel
 .text.Dio_writeChannel
                0x0000000008000298       0x2c MCAL/DIO.o
                0x0000000008000298                Dio_writeChannel
 .text.EXTI0_IRQHandler
                0x00000000080002c4       0x24 MCAL/Stm32f103c6_EXTI_Driver.o
                0x00000000080002c4                EXTI0_IRQHandler
 .text.EXTI1_IRQHandler
                0x00000000080002e8       0x24 MCAL/Stm32f103c6_EXTI_Driver.o
                0x00000000080002e8                EXTI1_IRQHandler
 .text.EXTI2_IRQHandler
                0x000000000800030c       0x24 MCAL/Stm32f103c6_EXTI_Driver.o
                0x000000000800030c                EXTI2_IRQHandler
 .text.EXTI3_IRQHandler
                0x0000000008000330       0x24 MCAL/Stm32f103c6_EXTI_Driver.o
                0x0000000008000330                EXTI3_IRQHandler
 .text.EXTI4_IRQHandler
                0x0000000008000354       0x24 MCAL/Stm32f103c6_EXTI_Driver.o
                0x0000000008000354                EXTI4_IRQHandler
 .text.EXTI9_5_IRQHandler
                0x0000000008000378       0xa8 MCAL/Stm32f103c6_EXTI_Driver.o
                0x0000000008000378                EXTI9_5_IRQHandler
 .text.EXTI15_10_IRQHandler
                0x0000000008000420       0xc4 MCAL/Stm32f103c6_EXTI_Driver.o
                0x0000000008000420                EXTI15_10_IRQHandler
 .text.Get_Pin_Bit_Position
                0x00000000080004e4       0xca MCAL/Stm32f103c6_GPIO_Driver.o
                0x00000000080004e4                Get_Pin_Bit_Position
 .text.MCAL_GPIO_INIT
                0x00000000080005ae       0xf2 MCAL/Stm32f103c6_GPIO_Driver.o
                0x00000000080005ae                MCAL_GPIO_INIT
 .text.MCAL_GPIO_ReadPin
                0x00000000080006a0       0x28 MCAL/Stm32f103c6_GPIO_Driver.o
                0x00000000080006a0                MCAL_GPIO_ReadPin
 .text.MCAL_GPIO_WritePin
                0x00000000080006c8       0x2e MCAL/Stm32f103c6_GPIO_Driver.o
                0x00000000080006c8                MCAL_GPIO_WritePin
 *fill*         0x00000000080006f6        0x2 
 .text.SPI1_IRQHandler
                0x00000000080006f8       0x48 MCAL/Stm32f103c6_SPI_Driver.o
                0x00000000080006f8                SPI1_IRQHandler
 .text.SPI2_IRQHandler
                0x0000000008000740       0x48 MCAL/Stm32f103c6_SPI_Driver.o
                0x0000000008000740                SPI2_IRQHandler
 .text.USART1_IRQHandler
                0x0000000008000788       0x14 MCAL/Stm32f103c6_Uart_Driver.o
                0x0000000008000788                USART1_IRQHandler
 .text.USART2_IRQHandler
                0x000000000800079c       0x14 MCAL/Stm32f103c6_Uart_Driver.o
                0x000000000800079c                USART2_IRQHandler
 .text.USART3_IRQHandler
                0x00000000080007b0       0x14 MCAL/Stm32f103c6_Uart_Driver.o
                0x00000000080007b0                USART3_IRQHandler
 .text.MCU_Init
                0x00000000080007c4       0x4c Src/main.o
                0x00000000080007c4                MCU_Init
 .text.StartOS  0x0000000008000810       0x34 Src/main.o
                0x0000000008000810                StartOS
 .text.main     0x0000000008000844        0xe Src/main.o
                0x0000000008000844                main
 *fill*         0x0000000008000852        0x2 
 .text.Reset_Handler
                0x0000000008000854       0x50 Startup/startup_stm32f103c6tx.o
                0x0000000008000854                Reset_Handler
 .text.Default_Handler
                0x00000000080008a4        0x2 Startup/startup_stm32f103c6tx.o
                0x00000000080008a4                TIM8_TRG_COM_IRQHandler
                0x00000000080008a4                TIM8_CC_IRQHandler
                0x00000000080008a4                DebugMon_Handler
                0x00000000080008a4                TIM1_CC_IRQHandler
                0x00000000080008a4                HardFault_Handler
                0x00000000080008a4                TIM6_IRQHandler
                0x00000000080008a4                SysTick_Handler
                0x00000000080008a4                PVD_IRQHandler
                0x00000000080008a4                SDIO_IRQHandler
                0x00000000080008a4                PendSV_Handler
                0x00000000080008a4                NMI_Handler
                0x00000000080008a4                USB_HP_CAN_TX_IRQHandler
                0x00000000080008a4                I2C2_EV_IRQHandler
                0x00000000080008a4                UsageFault_Handler
                0x00000000080008a4                ADC1_2_IRQHandler
                0x00000000080008a4                CAN_SCE_IRQHandler
                0x00000000080008a4                TAMPER_IRQHandler
                0x00000000080008a4                TIM8_UP_IRQHandler
                0x00000000080008a4                DMA2_Channel2_IRQHandler
                0x00000000080008a4                DMA1_Channel4_IRQHandler
                0x00000000080008a4                RTC_IRQHandler
                0x00000000080008a4                DMA1_Channel7_IRQHandler
                0x00000000080008a4                UART5_IRQHandler
                0x00000000080008a4                ADC3_IRQHandler
                0x00000000080008a4                TIM4_IRQHandler
                0x00000000080008a4                CAN_RX1_IRQHandler
                0x00000000080008a4                DMA2_Channel1_IRQHandler
                0x00000000080008a4                I2C1_EV_IRQHandler
                0x00000000080008a4                DMA1_Channel6_IRQHandler
                0x00000000080008a4                UART4_IRQHandler
                0x00000000080008a4                TIM3_IRQHandler
                0x00000000080008a4                RCC_IRQHandler
                0x00000000080008a4                TIM1_TRG_COM_IRQHandler
                0x00000000080008a4                DMA1_Channel1_IRQHandler
                0x00000000080008a4                Default_Handler
                0x00000000080008a4                TIM7_IRQHandler
                0x00000000080008a4                TIM5_IRQHandler
                0x00000000080008a4                USB_LP_CAN_RX0_IRQHandler
                0x00000000080008a4                MemManage_Handler
                0x00000000080008a4                SVC_Handler
                0x00000000080008a4                DMA1_Channel5_IRQHandler
                0x00000000080008a4                DMA1_Channel3_IRQHandler
                0x00000000080008a4                FSMC_IRQHandler
                0x00000000080008a4                TIM1_UP_IRQHandler
                0x00000000080008a4                WWDG_IRQHandler
                0x00000000080008a4                TIM2_IRQHandler
                0x00000000080008a4                TIM1_BRK_IRQHandler
                0x00000000080008a4                RTCAlarm_IRQHandler
                0x00000000080008a4                DMA2_Channel4_5_IRQHandler
                0x00000000080008a4                I2C2_ER_IRQHandler
                0x00000000080008a4                DMA1_Channel2_IRQHandler
                0x00000000080008a4                TIM8_BRK_IRQHandler
                0x00000000080008a4                FLASH_IRQHandler
                0x00000000080008a4                BusFault_Handler
                0x00000000080008a4                SPI3_IRQHandler
                0x00000000080008a4                I2C1_ER_IRQHandler
                0x00000000080008a4                DMA2_Channel3_IRQHandler
 *fill*         0x00000000080008a6        0x2 
 .text.__libc_init_array
                0x00000000080008a8       0x48 a:/ide/stm32cubeide/plugins/com.st.stm32cube.ide.mcu.externaltools.gnu-tools-for-stm32.7-2018-q2-update.win32_1.4.0.202007081208/tools/bin/../lib/gcc/arm-none-eabi/7.3.1/../../../../arm-none-eabi/lib/thumb/v7-m\libc_nano.a(lib_a-init.o)
                0x00000000080008a8                __libc_init_array
 *(.glue_7)
 .glue_7        0x00000000080008f0        0x0 linker stubs
 *(.glue_7t)
 .glue_7t       0x00000000080008f0        0x0 linker stubs
 *(.eh_frame)
 .eh_frame      0x00000000080008f0        0x0 a:/ide/stm32cubeide/plugins/com.st.stm32cube.ide.mcu.externaltools.gnu-tools-for-stm32.7-2018-q2-update.win32_1.4.0.202007081208/tools/bin/../lib/gcc/arm-none-eabi/7.3.1/thumb/v7-m/crtbegin.o
 *(.init)
 .init          0x00000000080008f0        0x4 a:/ide/stm32cubeide/plugins/com.st.stm32cube.ide.mcu.externaltools.gnu-tools-for-stm32.7-2018-q2-update.win32_1.4.0.202007081208/tools/bin/../lib/gcc/arm-none-eabi/7.3.1/thumb/v7-m/crti.o
                0x00000000080008f0                _init
 .init          0x00000000080008f4        0x8 a:/ide/stm32cubeide/plugins/com.st.stm32cube.ide.mcu.externaltools.gnu-tools-for-stm32.7-2018-q2-update.win32_1.4.0.202007081208/tools/bin/../lib/gcc/arm-none-eabi/7.3.1/thumb/v7-m/crtn.o
 *(.fini)
 .fini          0x00000000080008fc        0x4 a:/ide/stm32cubeide/plugins/com.st.stm32cube.ide.mcu.externaltools.gnu-tools-for-stm32.7-2018-q2-update.win32_1.4.0.202007081208/tools/bin/../lib/gcc/arm-none-eabi/7.3.1/thumb/v7-m/crti.o
                0x00000000080008fc                _fini
 .fini          0x0000000008000900        0x8 a:/ide/stm32cubeide/plugins/com.st.stm32cube.ide.mcu.externaltools.gnu-tools-for-stm32.7-2018-q2-update.win32_1.4.0.202007081208/tools/bin/../lib/gcc/arm-none-eabi/7.3.1/thumb/v7-m/crtn.o
                0x0000000008000908                . = ALIGN (0x4)
                0x0000000008000908                _etext = .

.vfp11_veneer   0x0000000008000908        0x0
 .vfp11_veneer  0x0000000008000908        0x0 linker stubs

.v4_bx          0x0000000008000908        0x0
 .v4_bx         0x0000000008000908        0x0 linker stubs

.iplt           0x0000000008000908        0x0
 .iplt          0x0000000008000908        0x0 a:/ide/stm32cubeide/plugins/com.st.stm32cube.ide.mcu.externaltools.gnu-tools-for-stm32.7-2018-q2-update.win32_1.4.0.202007081208/tools/bin/../lib/gcc/arm-none-eabi/7.3.1/thumb/v7-m/crtbegin.o

.rodata         0x0000000008000908        0x8
                0x0000000008000908                . = ALIGN (0x4)
 *(.rodata)
 *(.rodata*)
 .rodata.Rte_Instance_DoorLockAlgoSW
                0x0000000008000908        0x4 Autosar_Implementation/RTE_Gen/Rte_DoorLockAlgoSW.o
                0x0000000008000908                Rte_Instance_DoorLockAlgoSW
 .rodata.Rte_Instance_DoorSensorAbstractionSWC
                0x000000000800090c        0x4 Autosar_Implementation/RTE_Gen/Rte_DoorSensorAbstractionSWC.o
                0x000000000800090c                Rte_Instance_DoorSensorAbstractionSWC
                0x0000000008000910                . = ALIGN (0x4)

.rel.dyn        0x0000000008000910        0x0
 .rel.iplt      0x0000000008000910        0x0 a:/ide/stm32cubeide/plugins/com.st.stm32cube.ide.mcu.externaltools.gnu-tools-for-stm32.7-2018-q2-update.win32_1.4.0.202007081208/tools/bin/../lib/gcc/arm-none-eabi/7.3.1/thumb/v7-m/crtbegin.o

.ARM.extab      0x0000000008000910        0x0
                0x0000000008000910                . = ALIGN (0x4)
 *(.ARM.extab* .gnu.linkonce.armextab.*)
                0x0000000008000910                . = ALIGN (0x4)

.ARM            0x0000000008000910        0x0
                0x0000000008000910                . = ALIGN (0x4)
                0x0000000008000910                __exidx_start = .
 *(.ARM.exidx*)
                0x0000000008000910                __exidx_end = .
                0x0000000008000910                . = ALIGN (0x4)

.preinit_array  0x0000000008000910        0x0
                0x0000000008000910                . = ALIGN (0x4)
                0x0000000008000910                PROVIDE (__preinit_array_start = .)
 *(.preinit_array*)
                0x0000000008000910                PROVIDE (__preinit_array_end = .)
                0x0000000008000910                . = ALIGN (0x4)

.init_array     0x0000000008000910        0x4
                0x0000000008000910                . = ALIGN (0x4)
                0x0000000008000910                PROVIDE (__init_array_start = .)
 *(SORT_BY_NAME(.init_array.*))
 *(.init_array*)
 .init_array    0x0000000008000910        0x4 a:/ide/stm32cubeide/plugins/com.st.stm32cube.ide.mcu.externaltools.gnu-tools-for-stm32.7-2018-q2-update.win32_1.4.0.202007081208/tools/bin/../lib/gcc/arm-none-eabi/7.3.1/thumb/v7-m/crtbegin.o
                0x0000000008000914                PROVIDE (__init_array_end = .)
                0x0000000008000914                . = ALIGN (0x4)

.fini_array     0x0000000008000914        0x4
                0x0000000008000914                . = ALIGN (0x4)
                [!provide]                        PROVIDE (__fini_array_start = .)
 *(SORT_BY_NAME(.fini_array.*))
 *(.fini_array*)
 .fini_array    0x0000000008000914        0x4 a:/ide/stm32cubeide/plugins/com.st.stm32cube.ide.mcu.externaltools.gnu-tools-for-stm32.7-2018-q2-update.win32_1.4.0.202007081208/tools/bin/../lib/gcc/arm-none-eabi/7.3.1/thumb/v7-m/crtbegin.o
                [!provide]                        PROVIDE (__fini_array_end = .)
                0x0000000008000918                . = ALIGN (0x4)
                0x0000000008000918                _sidata = LOADADDR (.data)

.data           0x0000000020000000        0x0 load address 0x0000000008000918
                0x0000000020000000                . = ALIGN (0x4)
                0x0000000020000000                _sdata = .
 *(.data)
 *(.data*)
                0x0000000020000000                . = ALIGN (0x4)
                0x0000000020000000                _edata = .

.igot.plt       0x0000000020000000        0x0 load address 0x0000000008000918
 .igot.plt      0x0000000020000000        0x0 a:/ide/stm32cubeide/plugins/com.st.stm32cube.ide.mcu.externaltools.gnu-tools-for-stm32.7-2018-q2-update.win32_1.4.0.202007081208/tools/bin/../lib/gcc/arm-none-eabi/7.3.1/thumb/v7-m/crtbegin.o
                0x0000000020000000                . = ALIGN (0x4)

.bss            0x0000000020000000       0x74 load address 0x0000000008000918
                0x0000000020000000                _sbss = .
                0x0000000020000000                __bss_start__ = _sbss
 *(.bss)
 .bss           0x0000000020000000       0x1c a:/ide/stm32cubeide/plugins/com.st.stm32cube.ide.mcu.externaltools.gnu-tools-for-stm32.7-2018-q2-update.win32_1.4.0.202007081208/tools/bin/../lib/gcc/arm-none-eabi/7.3.1/thumb/v7-m/crtbegin.o
 *(.bss*)
 .bss.DoorLockAlgoSW_Rport_CS_LedSwitch_LED_Switch_Buffer_retcode
                0x000000002000001c        0x1 Autosar_Implementation/RTE_Gen/Rte_DoorLockAlgoSW.o
                0x000000002000001c                DoorLockAlgoSW_Rport_CS_LedSwitch_LED_Switch_Buffer_retcode
 *fill*         0x000000002000001d        0x3 
 .bss.Rte_Call_DoorLockAlgoSW_Rport_CS_LedSwitch_LED_Switch_Delegate
                0x0000000020000020        0x4 Autosar_Implementation/RTE_Gen/Rte_DoorLockAlgoSW.o
                0x0000000020000020                Rte_Call_DoorLockAlgoSW_Rport_CS_LedSwitch_LED_Switch_Delegate
 .bss.G_UART_CFG
                0x0000000020000024        0x4 MCAL/Stm32f103c6_Uart_Driver.o
                0x0000000020000024                G_UART_CFG
 *(COMMON)
 COMMON         0x0000000020000028        0x5 Autosar_Implementation/RTE_Gen/Rte_DoorLockAlgoSW.o
                0x0000000020000028                ReadDoorSensor_Pport_SR_DoorState_DoorState
                0x000000002000002c                DoorLockAlgo_Rport_SR_DoorState_DoorState
 *fill*         0x000000002000002d        0x3 
 COMMON         0x0000000020000030       0x3c MCAL/Stm32f103c6_EXTI_Driver.o
                0x0000000020000030                GP_IRQ_CallBack
 COMMON         0x000000002000006c        0x8 MCAL/Stm32f103c6_SPI_Driver.o
                0x000000002000006c                G_SPI_CFG
                0x0000000020000074                . = ALIGN (0x4)
                0x0000000020000074                _ebss = .
                0x0000000020000074                __bss_end__ = _ebss

._user_heap_stack
                0x0000000020000074      0x604 load address 0x0000000008000918
                0x0000000020000078                . = ALIGN (0x8)
 *fill*         0x0000000020000074        0x4 
                [!provide]                        PROVIDE (end = .)
                0x0000000020000078                PROVIDE (_end = .)
                0x0000000020000278                . = (. + _Min_Heap_Size)
 *fill*         0x0000000020000078      0x200 
                0x0000000020000678                . = (. + _Min_Stack_Size)
 *fill*         0x0000000020000278      0x400 
                0x0000000020000678                . = ALIGN (0x8)

/DISCARD/
 libc.a(*)
 libm.a(*)
 libgcc.a(*)

.ARM.attributes
                0x0000000000000000       0x29
 *(.ARM.attributes)
 .ARM.attributes
                0x0000000000000000       0x1d a:/ide/stm32cubeide/plugins/com.st.stm32cube.ide.mcu.externaltools.gnu-tools-for-stm32.7-2018-q2-update.win32_1.4.0.202007081208/tools/bin/../lib/gcc/arm-none-eabi/7.3.1/thumb/v7-m/crti.o
 .ARM.attributes
                0x000000000000001d       0x2d a:/ide/stm32cubeide/plugins/com.st.stm32cube.ide.mcu.externaltools.gnu-tools-for-stm32.7-2018-q2-update.win32_1.4.0.202007081208/tools/bin/../lib/gcc/arm-none-eabi/7.3.1/thumb/v7-m/crtbegin.o
 .ARM.attributes
                0x000000000000004a       0x33 Autosar_Implementation/DoorLockAlgoSW.o
 .ARM.attributes
                0x000000000000007d       0x33 Autosar_Implementation/DoorSensorAbstractionSWC.o
 .ARM.attributes
                0x00000000000000b0       0x33 Autosar_Implementation/RTE_Gen/Rte_DoorLockAlgoSW.o
 .ARM.attributes
                0x00000000000000e3       0x33 Autosar_Implementation/RTE_Gen/Rte_DoorSensorAbstractionSWC.o
 .ARM.attributes
                0x0000000000000116       0x33 MCAL/DIO.o
 .ARM.attributes
                0x0000000000000149       0x33 MCAL/Stm32f103c6_EXTI_Driver.o
 .ARM.attributes
                0x000000000000017c       0x33 MCAL/Stm32f103c6_GPIO_Driver.o
 .ARM.attributes
                0x00000000000001af       0x33 MCAL/Stm32f103c6_SPI_Driver.o
 .ARM.attributes
                0x00000000000001e2       0x33 MCAL/Stm32f103c6_Uart_Driver.o
 .ARM.attributes
                0x0000000000000215       0x33 Src/main.o
 .ARM.attributes
                0x0000000000000248       0x21 Startup/startup_stm32f103c6tx.o
 .ARM.attributes
                0x0000000000000269       0x2d a:/ide/stm32cubeide/plugins/com.st.stm32cube.ide.mcu.externaltools.gnu-tools-for-stm32.7-2018-q2-update.win32_1.4.0.202007081208/tools/bin/../lib/gcc/arm-none-eabi/7.3.1/../../../../arm-none-eabi/lib/thumb/v7-m\libc_nano.a(lib_a-init.o)
 .ARM.attributes
                0x0000000000000296       0x1d a:/ide/stm32cubeide/plugins/com.st.stm32cube.ide.mcu.externaltools.gnu-tools-for-stm32.7-2018-q2-update.win32_1.4.0.202007081208/tools/bin/../lib/gcc/arm-none-eabi/7.3.1/thumb/v7-m/crtn.o
OUTPUT(AUTOSAR_DoorLock_Indicator_Project.axf elf32-littlearm)

.debug_info     0x0000000000000000     0x3107
 .debug_info    0x0000000000000000      0x141 Autosar_Implementation/DoorLockAlgoSW.o
 .debug_info    0x0000000000000141      0x18f Autosar_Implementation/DoorSensorAbstractionSWC.o
 .debug_info    0x00000000000002d0      0xb09 Autosar_Implementation/RTE_Gen/Rte_DoorLockAlgoSW.o
 .debug_info    0x0000000000000dd9      0xa83 Autosar_Implementation/RTE_Gen/Rte_DoorSensorAbstractionSWC.o
 .debug_info    0x000000000000185c      0x163 MCAL/DIO.o
 .debug_info    0x00000000000019bf      0x4b9 MCAL/Stm32f103c6_EXTI_Driver.o
 .debug_info    0x0000000000001e78      0x49b MCAL/Stm32f103c6_GPIO_Driver.o
 .debug_info    0x0000000000002313      0x5d3 MCAL/Stm32f103c6_SPI_Driver.o
 .debug_info    0x00000000000028e6      0x4c6 MCAL/Stm32f103c6_Uart_Driver.o
 .debug_info    0x0000000000002dac      0x339 Src/main.o
 .debug_info    0x00000000000030e5       0x22 Startup/startup_stm32f103c6tx.o

.debug_abbrev   0x0000000000000000      0xc99
 .debug_abbrev  0x0000000000000000       0xaf Autosar_Implementation/DoorLockAlgoSW.o
 .debug_abbrev  0x00000000000000af       0xda Autosar_Implementation/DoorSensorAbstractionSWC.o
 .debug_abbrev  0x0000000000000189      0x1d7 Autosar_Implementation/RTE_Gen/Rte_DoorLockAlgoSW.o
 .debug_abbrev  0x0000000000000360      0x1ae Autosar_Implementation/RTE_Gen/Rte_DoorSensorAbstractionSWC.o
 .debug_abbrev  0x000000000000050e       0xc0 MCAL/DIO.o
 .debug_abbrev  0x00000000000005ce      0x153 MCAL/Stm32f103c6_EXTI_Driver.o
 .debug_abbrev  0x0000000000000721      0x137 MCAL/Stm32f103c6_GPIO_Driver.o
 .debug_abbrev  0x0000000000000858      0x1c8 MCAL/Stm32f103c6_SPI_Driver.o
 .debug_abbrev  0x0000000000000a20      0x163 MCAL/Stm32f103c6_Uart_Driver.o
 .debug_abbrev  0x0000000000000b83      0x104 Src/main.o
 .debug_abbrev  0x0000000000000c87       0x12 Startup/startup_stm32f103c6tx.o

.debug_loc      0x0000000000000000      0xf74
 .debug_loc     0x0000000000000000       0x50 Autosar_Implementation/DoorLockAlgoSW.o
 .debug_loc     0x0000000000000050       0xa0 Autosar_Implementation/DoorSensorAbstractionSWC.o
 .debug_loc     0x00000000000000f0       0x94 Autosar_Implementation/RTE_Gen/Rte_DoorLockAlgoSW.o
 .debug_loc     0x0000000000000184       0xa0 Autosar_Implementation/RTE_Gen/Rte_DoorSensorAbstractionSWC.o
 .debug_loc     0x0000000000000224       0xa0 MCAL/DIO.o
 .debug_loc     0x00000000000002c4      0x320 MCAL/Stm32f103c6_EXTI_Driver.o
 .debug_loc     0x00000000000005e4      0x3e8 MCAL/Stm32f103c6_GPIO_Driver.o
 .debug_loc     0x00000000000009cc      0x2bc MCAL/Stm32f103c6_SPI_Driver.o
 .debug_loc     0x0000000000000c88      0x238 MCAL/Stm32f103c6_Uart_Driver.o
 .debug_loc     0x0000000000000ec0       0xb4 Src/main.o

.debug_aranges  0x0000000000000000      0x2b8
 .debug_aranges
                0x0000000000000000       0x20 Autosar_Implementation/DoorLockAlgoSW.o
 .debug_aranges
                0x0000000000000020       0x28 Autosar_Implementation/DoorSensorAbstractionSWC.o
 .debug_aranges
                0x0000000000000048       0x28 Autosar_Implementation/RTE_Gen/Rte_DoorLockAlgoSW.o
 .debug_aranges
                0x0000000000000070       0x28 Autosar_Implementation/RTE_Gen/Rte_DoorSensorAbstractionSWC.o
 .debug_aranges
                0x0000000000000098       0x28 MCAL/DIO.o
 .debug_aranges
                0x00000000000000c0       0x80 MCAL/Stm32f103c6_EXTI_Driver.o
 .debug_aranges
                0x0000000000000140       0x70 MCAL/Stm32f103c6_GPIO_Driver.o
 .debug_aranges
                0x00000000000001b0       0x58 MCAL/Stm32f103c6_SPI_Driver.o
 .debug_aranges
                0x0000000000000208       0x58 MCAL/Stm32f103c6_Uart_Driver.o
 .debug_aranges
                0x0000000000000260       0x30 Src/main.o
 .debug_aranges
                0x0000000000000290       0x28 Startup/startup_stm32f103c6tx.o

.debug_ranges   0x0000000000000000      0x210
 .debug_ranges  0x0000000000000000       0x10 Autosar_Implementation/DoorLockAlgoSW.o
 .debug_ranges  0x0000000000000010       0x18 Autosar_Implementation/DoorSensorAbstractionSWC.o
 .debug_ranges  0x0000000000000028       0x18 Autosar_Implementation/RTE_Gen/Rte_DoorLockAlgoSW.o
 .debug_ranges  0x0000000000000040       0x18 Autosar_Implementation/RTE_Gen/Rte_DoorSensorAbstractionSWC.o
 .debug_ranges  0x0000000000000058       0x18 MCAL/DIO.o
 .debug_ranges  0x0000000000000070       0x70 MCAL/Stm32f103c6_EXTI_Driver.o
 .debug_ranges  0x00000000000000e0       0x60 MCAL/Stm32f103c6_GPIO_Driver.o
 .debug_ranges  0x0000000000000140       0x48 MCAL/Stm32f103c6_SPI_Driver.o
 .debug_ranges  0x0000000000000188       0x48 MCAL/Stm32f103c6_Uart_Driver.o
 .debug_ranges  0x00000000000001d0       0x20 Src/main.o
 .debug_ranges  0x00000000000001f0       0x20 Startup/startup_stm32f103c6tx.o

.debug_macro    0x0000000000000000     0x2df4
 .debug_macro   0x0000000000000000       0xd7 Autosar_Implementation/DoorLockAlgoSW.o
 .debug_macro   0x00000000000000d7      0xa60 Autosar_Implementation/DoorLockAlgoSW.o
 .debug_macro   0x0000000000000b37       0x22 Autosar_Implementation/DoorLockAlgoSW.o
 .debug_macro   0x0000000000000b59       0x22 Autosar_Implementation/DoorLockAlgoSW.o
 .debug_macro   0x0000000000000b7b       0x8e Autosar_Implementation/DoorLockAlgoSW.o
 .debug_macro   0x0000000000000c09       0x51 Autosar_Implementation/DoorLockAlgoSW.o
 .debug_macro   0x0000000000000c5a       0xef Autosar_Implementation/DoorLockAlgoSW.o
 .debug_macro   0x0000000000000d49       0x6a Autosar_Implementation/DoorLockAlgoSW.o
 .debug_macro   0x0000000000000db3      0x1df Autosar_Implementation/DoorLockAlgoSW.o
 .debug_macro   0x0000000000000f92       0x22 Autosar_Implementation/DoorLockAlgoSW.o
 .debug_macro   0x0000000000000fb4       0x82 Autosar_Implementation/DoorLockAlgoSW.o
 .debug_macro   0x0000000000001036       0x40 Autosar_Implementation/DoorLockAlgoSW.o
 .debug_macro   0x0000000000001076       0x10 Autosar_Implementation/DoorLockAlgoSW.o
 .debug_macro   0x0000000000001086       0x1c Autosar_Implementation/DoorLockAlgoSW.o
 .debug_macro   0x00000000000010a2       0xfe Autosar_Implementation/DoorSensorAbstractionSWC.o
 .debug_macro   0x00000000000011a0       0x10 Autosar_Implementation/DoorSensorAbstractionSWC.o
 .debug_macro   0x00000000000011b0       0x1c Autosar_Implementation/DoorSensorAbstractionSWC.o
 .debug_macro   0x00000000000011cc      0x2e4 Autosar_Implementation/DoorSensorAbstractionSWC.o
 .debug_macro   0x00000000000014b0       0xc4 Autosar_Implementation/DoorSensorAbstractionSWC.o
 .debug_macro   0x0000000000001574       0x16 Autosar_Implementation/DoorSensorAbstractionSWC.o
 .debug_macro   0x000000000000158a      0x18b Autosar_Implementation/RTE_Gen/Rte_DoorLockAlgoSW.o
 .debug_macro   0x0000000000001715       0x40 Autosar_Implementation/RTE_Gen/Rte_DoorLockAlgoSW.o
 .debug_macro   0x0000000000001755       0x18 Autosar_Implementation/RTE_Gen/Rte_DoorLockAlgoSW.o
 .debug_macro   0x000000000000176d       0x94 Autosar_Implementation/RTE_Gen/Rte_DoorLockAlgoSW.o
 .debug_macro   0x0000000000001801       0x3c Autosar_Implementation/RTE_Gen/Rte_DoorLockAlgoSW.o
 .debug_macro   0x000000000000183d       0x34 Autosar_Implementation/RTE_Gen/Rte_DoorLockAlgoSW.o
 .debug_macro   0x0000000000001871      0x174 Autosar_Implementation/RTE_Gen/Rte_DoorLockAlgoSW.o
 .debug_macro   0x00000000000019e5       0x57 Autosar_Implementation/RTE_Gen/Rte_DoorLockAlgoSW.o
 .debug_macro   0x0000000000001a3c       0x52 Autosar_Implementation/RTE_Gen/Rte_DoorLockAlgoSW.o
 .debug_macro   0x0000000000001a8e       0x1f Autosar_Implementation/RTE_Gen/Rte_DoorLockAlgoSW.o
 .debug_macro   0x0000000000001aad       0x43 Autosar_Implementation/RTE_Gen/Rte_DoorLockAlgoSW.o
 .debug_macro   0x0000000000001af0       0x20 Autosar_Implementation/RTE_Gen/Rte_DoorLockAlgoSW.o
 .debug_macro   0x0000000000001b10      0x1a3 Autosar_Implementation/RTE_Gen/Rte_DoorLockAlgoSW.o
 .debug_macro   0x0000000000001cb3      0x330 Autosar_Implementation/RTE_Gen/Rte_DoorLockAlgoSW.o
 .debug_macro   0x0000000000001fe3       0x10 Autosar_Implementation/RTE_Gen/Rte_DoorLockAlgoSW.o
 .debug_macro   0x0000000000001ff3       0x35 Autosar_Implementation/RTE_Gen/Rte_DoorLockAlgoSW.o
 .debug_macro   0x0000000000002028       0x20 Autosar_Implementation/RTE_Gen/Rte_DoorLockAlgoSW.o
 .debug_macro   0x0000000000002048       0x7c Autosar_Implementation/RTE_Gen/Rte_DoorLockAlgoSW.o
 .debug_macro   0x00000000000020c4      0x18b Autosar_Implementation/RTE_Gen/Rte_DoorSensorAbstractionSWC.o
 .debug_macro   0x000000000000224f       0x90 MCAL/DIO.o
 .debug_macro   0x00000000000022df       0x96 MCAL/Stm32f103c6_EXTI_Driver.o
 .debug_macro   0x0000000000002375      0x21a MCAL/Stm32f103c6_EXTI_Driver.o
 .debug_macro   0x000000000000258f       0x81 MCAL/Stm32f103c6_GPIO_Driver.o
 .debug_macro   0x0000000000002610       0x9c MCAL/Stm32f103c6_SPI_Driver.o
 .debug_macro   0x00000000000026ac       0xc4 MCAL/Stm32f103c6_SPI_Driver.o
 .debug_macro   0x0000000000002770       0x99 MCAL/Stm32f103c6_Uart_Driver.o
 .debug_macro   0x0000000000002809       0xd0 MCAL/Stm32f103c6_Uart_Driver.o
 .debug_macro   0x00000000000028d9      0x145 Src/main.o
 .debug_macro   0x0000000000002a1e       0xca Src/main.o
 .debug_macro   0x0000000000002ae8      0x220 Src/main.o
 .debug_macro   0x0000000000002d08       0xd6 Src/main.o
 .debug_macro   0x0000000000002dde       0x16 Src/main.o

.debug_line     0x0000000000000000     0x3498
 .debug_line    0x0000000000000000      0x47b Autosar_Implementation/DoorLockAlgoSW.o
 .debug_line    0x000000000000047b      0x539 Autosar_Implementation/DoorSensorAbstractionSWC.o
 .debug_line    0x00000000000009b4      0x5c3 Autosar_Implementation/RTE_Gen/Rte_DoorLockAlgoSW.o
 .debug_line    0x0000000000000f77      0x5dd Autosar_Implementation/RTE_Gen/Rte_DoorSensorAbstractionSWC.o
 .debug_line    0x0000000000001554      0x3d3 MCAL/DIO.o
 .debug_line    0x0000000000001927      0x59f MCAL/Stm32f103c6_EXTI_Driver.o
 .debug_line    0x0000000000001ec6      0x503 MCAL/Stm32f103c6_GPIO_Driver.o
 .debug_line    0x00000000000023c9      0x512 MCAL/Stm32f103c6_SPI_Driver.o
 .debug_line    0x00000000000028db      0x535 MCAL/Stm32f103c6_Uart_Driver.o
 .debug_line    0x0000000000002e10      0x604 Src/main.o
 .debug_line    0x0000000000003414       0x84 Startup/startup_stm32f103c6tx.o

.debug_str      0x0000000000000000     0xc54e
 .debug_str     0x0000000000000000     0x42ab Autosar_Implementation/DoorLockAlgoSW.o
                                       0x4467 (size before relaxing)
 .debug_str     0x00000000000042ab     0x158f Autosar_Implementation/DoorSensorAbstractionSWC.o
                                       0x5872 (size before relaxing)
 .debug_str     0x000000000000583a     0x3370 Autosar_Implementation/RTE_Gen/Rte_DoorLockAlgoSW.o
                                       0x78b0 (size before relaxing)
 .debug_str     0x0000000000008baa      0x10a Autosar_Implementation/RTE_Gen/Rte_DoorSensorAbstractionSWC.o
                                       0x7849 (size before relaxing)
 .debug_str     0x0000000000008cb4       0x51 MCAL/DIO.o
                                       0x4f91 (size before relaxing)
 .debug_str     0x0000000000008d05     0x1533 MCAL/Stm32f103c6_EXTI_Driver.o
                                       0x647e (size before relaxing)
 .debug_str     0x000000000000a238      0x172 MCAL/Stm32f103c6_GPIO_Driver.o
                                       0x5107 (size before relaxing)
 .debug_str     0x000000000000a3aa      0x6fb MCAL/Stm32f103c6_SPI_Driver.o
                                       0x56c1 (size before relaxing)
 .debug_str     0x000000000000aaa5      0x6e5 MCAL/Stm32f103c6_Uart_Driver.o
                                       0x56d7 (size before relaxing)
 .debug_str     0x000000000000b18a     0x1393 Src/main.o
                                       0x8aa0 (size before relaxing)
 .debug_str     0x000000000000c51d       0x31 Startup/startup_stm32f103c6tx.o
                                         0x83 (size before relaxing)

.comment        0x0000000000000000       0x7b
 .comment       0x0000000000000000       0x7b Autosar_Implementation/DoorLockAlgoSW.o
                                         0x7c (size before relaxing)
 .comment       0x000000000000007b       0x7c Autosar_Implementation/DoorSensorAbstractionSWC.o
 .comment       0x000000000000007b       0x7c Autosar_Implementation/RTE_Gen/Rte_DoorLockAlgoSW.o
 .comment       0x000000000000007b       0x7c Autosar_Implementation/RTE_Gen/Rte_DoorSensorAbstractionSWC.o
 .comment       0x000000000000007b       0x7c MCAL/DIO.o
 .comment       0x000000000000007b       0x7c MCAL/Stm32f103c6_EXTI_Driver.o
 .comment       0x000000000000007b       0x7c MCAL/Stm32f103c6_GPIO_Driver.o
 .comment       0x000000000000007b       0x7c MCAL/Stm32f103c6_SPI_Driver.o
 .comment       0x000000000000007b       0x7c MCAL/Stm32f103c6_Uart_Driver.o
 .comment       0x000000000000007b       0x7c Src/main.o

.debug_frame    0x0000000000000000      0x80c
 .debug_frame   0x0000000000000000       0x34 Autosar_Implementation/DoorLockAlgoSW.o
 .debug_frame   0x0000000000000034       0x58 Autosar_Implementation/DoorSensorAbstractionSWC.o
 .debug_frame   0x000000000000008c       0x54 Autosar_Implementation/RTE_Gen/Rte_DoorLockAlgoSW.o
 .debug_frame   0x00000000000000e0       0x58 Autosar_Implementation/RTE_Gen/Rte_DoorSensorAbstractionSWC.o
 .debug_frame   0x0000000000000138       0x58 MCAL/DIO.o
 .debug_frame   0x0000000000000190      0x1b0 MCAL/Stm32f103c6_EXTI_Driver.o
 .debug_frame   0x0000000000000340      0x1c8 MCAL/Stm32f103c6_GPIO_Driver.o
 .debug_frame   0x0000000000000508      0x144 MCAL/Stm32f103c6_SPI_Driver.o
 .debug_frame   0x000000000000064c      0x124 MCAL/Stm32f103c6_Uart_Driver.o
 .debug_frame   0x0000000000000770       0x70 Src/main.o
 .debug_frame   0x00000000000007e0       0x2c a:/ide/stm32cubeide/plugins/com.st.stm32cube.ide.mcu.externaltools.gnu-tools-for-stm32.7-2018-q2-update.win32_1.4.0.202007081208/tools/bin/../lib/gcc/arm-none-eabi/7.3.1/../../../../arm-none-eabi/lib/thumb/v7-m\libc_nano.a(lib_a-init.o)
